自然排序, 总分降序: 
学生 { 姓名 = '王五', 学号 = 'S03', 总分 = 255.0, 语文 = 75.0, 数学 = 85.0, 英语 = 95.0 }
学生 { 姓名 = '张三', 学号 = 'S01', 总分 = 240.0, 语文 = 80.0, 数学 = 90.0, 英语 = 70.0 }
学生 { 姓名 = '李四', 学号 = 'S02', 总分 = 240.0, 语文 = 85.0, 数学 = 95.0, 英语 = 60.0 }
按姓名升序:
学生 { 姓名 = '张三', 学号 = 'S01', 总分 = 240.0, 语文 = 80.0, 数学 = 90.0, 英语 = 70.0 }
学生 { 姓名 = '李四', 学号 = 'S02', 总分 = 240.0, 语文 = 85.0, 数学 = 95.0, 英语 = 60.0 }
学生 { 姓名 = '王五', 学号 = 'S03', 总分 = 255.0, 语文 = 75.0, 数学 = 85.0, 英语 = 95.0 }
按数学成绩降序:
学生 { 姓名 = '李四', 学号 = 'S02', 总分 = 240.0, 语文 = 85.0, 数学 = 95.0, 英语 = 60.0 }
学生 { 姓名 = '张三', 学号 = 'S01', 总分 = 240.0, 语文 = 80.0, 数学 = 90.0, 英语 = 70.0 }
学生 { 姓名 = '王五', 学号 = 'S03', 总分 = 255.0, 语文 = 75.0, 数学 = 85.0, 英语 = 95.0 }
按总分升序:
学生 { 姓名 = '李四', 学号 = 'S02', 总分 = 240.0, 语文 = 85.0, 数学 = 95.0, 英语 = 60.0 }
学生 { 姓名 = '张三', 学号 = 'S01', 总分 = 240.0, 语文 = 80.0, 数学 = 90.0, 英语 = 70.0 }
学生 { 姓名 = '王五', 学号 = 'S03', 总分 = 255.0, 语文 = 75.0, 数学 = 85.0, 英语 = 95.0 }
统计结果:
全班平均分：245.0
总分最高：王五
各科平均分：{数学=90.0, 语文=80.0, 英语=75.0}
