=== 创建角色 ===
亚瑟 [HP: 120 | MP: 30 | 武器: 长剑 | 防具: 胸甲]
梅林 [HP: 80 | MP: 50 | 武器: 法杖 | 防具: 头盔]
罗宾 [HP: 90 | MP: 25 | 武器: 长弓 | 防具: 盾牌]

=== 普通攻击（战士 → 法师） ===
亚瑟 攻击了 梅林（长剑），造成 30 点伤害
梅林 [HP: 50 | MP: 50 | 武器: 法杖 | 防具: 头盔]

=== 战士释放技能后攻击 → 法师 ===
亚瑟 释放技能：狂暴（下次攻击 +20% 伤害）
亚瑟 攻击了 梅林（长剑），造成 36 点伤害
梅林 [HP: 14 | MP: 50 | 武器: 法杖 | 防具: 头盔]

=== 法师释放技能后攻击 → 战士 ===
梅林 释放技能：魔力增幅（下次攻击 +12 魔法伤害）
梅林 攻击了 亚瑟（法杖），造成 24 点伤害
亚瑟 [HP: 96 | MP: 20 | 武器: 长剑 | 防具: 胸甲]

=== 弓箭手释放技能后攻击 → 战士 ===
罗宾 释放技能：精准射击（下次攻击双倍伤害）
罗宾 攻击了 亚瑟（长弓），造成 24 点伤害
亚瑟 [HP: 72 | MP: 20 | 武器: 长剑 | 防具: 胸甲]

=== 全体状态 ===
亚瑟 [HP: 72 | MP: 20 | 武器: 长剑 | 防具: 胸甲]
是否存活: 是
梅林 [HP: 14 | MP: 35 | 武器: 法杖 | 防具: 头盔]
是否存活: 是
罗宾 [HP: 90 | MP: 15 | 武器: 长弓 | 防具: 盾牌]
是否存活: 是
